// Jest Snapshot v1, https://goo.gl/fbAQLP

exports[`LoginForm renders correctly 1`] = `
<form
  auth={
    Object {
      "loginErr": false,
    }
  }
  onSubmit={undefined}
  style={
    Object {
      "marginTop": "50px",
    }
  }
>
  <div
    style={
      Object {
        "margin": "10px",
      }
    }
  >
    <p
      className="MuiTypography-root-1 MuiTypography-body1-10"
    >
      Sign in:
    </p>
  </div>
  <div>
    <div
      aria-describedby={undefined}
      className="MuiFormControl-root-25"
      onBlur={[Function]}
      onDragStart={[Function]}
      onDrop={[Function]}
      onFocus={[Function]}
    >
      <label
        className="MuiFormLabel-root-34 MuiInputLabel-root-29 MuiInputLabel-formControl-30 MuiInputLabel-animated-33"
        data-shrink={false}
        htmlFor={undefined}
      >
        Email
      </label>
      <div
        className="MuiInput-root-39 MuiInput-formControl-40 MuiInput-underline-43"
      >
        <input
          aria-invalid={false}
          aria-required={false}
          autoComplete={undefined}
          autoFocus={undefined}
          className="MuiInput-input-47 MuiInput-inputType-50"
          defaultValue={undefined}
          disabled={false}
          id={undefined}
          name="email"
          onBlur={[Function]}
          onChange={[Function]}
          onFocus={[Function]}
          onKeyDown={undefined}
          onKeyUp={undefined}
          placeholder="Enter your email"
          readOnly={undefined}
          required={undefined}
          rows={undefined}
          type="email"
          value=""
        />
      </div>
    </div>
  </div>
  <div>
    <div
      aria-describedby={undefined}
      className="MuiFormControl-root-25"
      onBlur={[Function]}
      onDragStart={[Function]}
      onDrop={[Function]}
      onFocus={[Function]}
    >
      <label
        className="MuiFormLabel-root-34 MuiInputLabel-root-29 MuiInputLabel-formControl-30 MuiInputLabel-animated-33"
        data-shrink={false}
        htmlFor={undefined}
      >
        Password
      </label>
      <div
        className="MuiInput-root-39 MuiInput-formControl-40 MuiInput-underline-43"
      >
        <input
          aria-invalid={false}
          aria-required={false}
          autoComplete={undefined}
          autoFocus={undefined}
          className="MuiInput-input-47 MuiInput-inputType-50"
          defaultValue={undefined}
          disabled={false}
          id={undefined}
          name="password"
          onBlur={[Function]}
          onChange={[Function]}
          onFocus={[Function]}
          onKeyDown={undefined}
          onKeyUp={undefined}
          placeholder="Enter your password"
          readOnly={undefined}
          required={undefined}
          rows={undefined}
          type="password"
          value=""
        />
      </div>
    </div>
  </div>
  <div
    style={
      Object {
        "marginTop": "20px",
      }
    }
  >
    <button
      className="MuiButtonBase-root-68 MuiButton-root-52 MuiButton-outlined-56"
      disabled={false}
      onBlur={[Function]}
      onFocus={[Function]}
      onKeyDown={[Function]}
      onKeyUp={[Function]}
      onMouseDown={[Function]}
      onMouseLeave={[Function]}
      onMouseUp={[Function]}
      onTouchEnd={[Function]}
      onTouchMove={[Function]}
      onTouchStart={[Function]}
      tabIndex="0"
      type="submit"
    >
      <span
        className="MuiButton-label-53"
      >
        Sign in
      </span>
      <span
        className="MuiTouchRipple-root-71"
      />
    </button>
  </div>
</form>
`;
